[initialcapoffering.com/index.html]
[backblue.gif]
[fade.gif]
[index.html]
[initialcapoffering.com/favicon.ico]
[initialcapoffering.com/_next/static/css/93716c04291fa381f555.css]
[initialcapoffering.com/_next/static/chunks/main-2beae6c9e46f1a835e85.js]
[initialcapoffering.com/_next/static/chunks/webpack-245f049e565ebf942e09.js]
[initialcapoffering.com/_next/static/chunks/framework.9d524150d48315f49e80.js]
[initialcapoffering.com/_next/static/chunks/3ec0f741.e8aa596c35fa99a11c5d.js]
[initialcapoffering.com/_next/static/chunks/1614a086.4664100400e4fdc8b6de.js]
[initialcapoffering.com/_next/static/chunks/60cbdcc7.4396ca8c30e01a3f6ae4.js]
[initialcapoffering.com/_next/static/chunks/commons.5a74c0a20d652c3940b4.js]
[initialcapoffering.com/_next/static/chunks/f6078781a05fe1bcb0902d23dbbb2662c8d200b3.2cde4b477032aa6d1acf.js]
[initialcapoffering.com/_next/static/chunks/2c6ab5dc1e08608bfdfec354faadac1352c4ecd2.af4a3c5cd13befe63fb8.js]
[initialcapoffering.com/_next/static/chunks/pages/_app-8a2e44b38a9bc83038c4.js]
[initialcapoffering.com/_next/static/chunks/5149eaa3ec6f7c5b4500cfbb55dba1729a0c5f4f.11cd6426f95130b89e4d.js]
[initialcapoffering.com/_next/static/chunks/pages/index-fecce37ede0f397a9fc1.js]
[initialcapoffering.com/mcap_logo_round.png]
[initialcapoffering.com/caps/mcap_double.png]
[initialcapoffering.com/tether_logo.svg]
[initialcapoffering.com/error4.svg]
[initialcapoffering.com/_next/static/QTjYuQy5d-J6GKw_Io_JX/_buildManifest.js]
[initialcapoffering.com/_next/static/chunks/polyfills-ef3d50462330da67074a.js]
[initialcapoffering.com/_next/static/QTjYuQy5d-J6GKw_Io_JX/_ssgManifest.js]
[initialcapoffering.com/index.html]
[initialcapoffering.com/_next/static/css/93716c04291fa381f555.css]
[initialcapoffering.com/tether_logo.svg]
[initialcapoffering.com/error4.svg]
